Desires: 1 items | Desire 'desire_323e0fcd' pending
Cycle 1/30
First cycle: Extracting initial beliefs from desire descriptions...
States before starting BDI cycle
Beliefs: 5 items
Desires: 1 items | Desire 'desire_323e0fcd' pending
Intentions: 0 items

--- BDI Cycle Start ---
No current intentions, but active/pending desires exist. Generating intentions...
Generated 1 high-level intentions.
Desire 'desire_323e0fcd' status updated to DesireStatus.ACTIVE
Desires: 1 items | Desire 'desire_323e0fcd' active
Intention generation complete. Updated agent with one high-level intention.
Intentions: 1 items | Desire 'desire_323e0fcd' Intention 'Inspect the task files and produce the required deliverables in the answer/ folder, then verify the expected files were created.' Plan active Plan Step 1/1: Inspect the task files and produce the required deliverables in the answer/ folder, then verify the expected files were created.
Executing Desire 'desire_323e0fcd' | Intention 'Inspect the task files and produce the required deliverables in the answer/ folder, then verify the expected files were created.' | Plan status 'active' | Plan Step 1/1: Inspect the task files and produce the required deliverables in the answer/ folder, then verify the expected files were created.
  Processing 3 extracted belief(s).
  Plan Step 1 successful.
Plan for desire 'desire_323e0fcd' completed all Plan Steps
Intentions: 1 items | Desire 'desire_323e0fcd' Intention 'Inspect the task files and produce the required deliverables in the answer/ folder, then verify the expected files were created.' Plan completed Plan Step 1/1: (Completed)
Completed final step. Intention for desire 'desire_323e0fcd' finished.
Desire 'desire_323e0fcd' status updated to DesireStatus.ACHIEVED
Desires: 1 items | Desire 'desire_323e0fcd' achieved
  Desire 'desire_323e0fcd' satisfied. Removed 1 runnable intention(s). Reason: The task files were reportedly inspected, all requested deliverables were created in answer/, and the expected files were verified to exist, with no remaining work indicated.
Desires: 1 items | Desire 'desire_323e0fcd' achieved
Intentions: 0 items
  Skipping reconsideration: No intentions remaining.
--- BDI Cycle End (terminal) ---
States after BDI cycle (terminal)
Beliefs: 8 items
Desires: 1 items | Desire 'desire_323e0fcd' achieved
Intentions: 0 items
Task result: achieved; cycles=1/30; elapsed_seconds=68
Answer folder: /Users/douglas/code/masters/sbench/tasks/grant_closeout_recovery/answer
