Desires: 1 items | Desire 'desire_a82a42ec' pending
Cycle 1/30
First cycle: Extracting initial beliefs from desire descriptions...
States before starting BDI cycle
Beliefs: 5 items
Desires: 1 items | Desire 'desire_a82a42ec' pending
Intentions: 0 items

--- BDI Cycle Start ---
No current intentions, but active/pending desires exist. Generating intentions...
Generated 1 high-level intentions.
Desire 'desire_a82a42ec' status updated to DesireStatus.ACTIVE
Desires: 1 items | Desire 'desire_a82a42ec' active
Intention generation complete. Updated agent with one high-level intention.
Intentions: 1 items | Desire 'desire_a82a42ec' Intention 'Inspect the task instructions and local non-hidden files to determine the required deliverables to create in answer/.' Plan active Plan Step 1/1: Inspect the task instructions and local non-hidden files to determine the required deliverables to create in answer/.
Executing Desire 'desire_a82a42ec' | Intention 'Inspect the task instructions and local non-hidden files to determine the required deliverables to create in answer/.' | Plan status 'active' | Plan Step 1/1: Inspect the task instructions and local non-hidden files to determine the required deliverables to create in answer/.
  Processing 11 extracted belief(s).
  Plan Step 1 successful.
Plan for desire 'desire_a82a42ec' completed all Plan Steps
Intentions: 1 items | Desire 'desire_a82a42ec' Intention 'Inspect the task instructions and local non-hidden files to determine the required deliverables to create in answer/.' Plan completed Plan Step 1/1: (Completed)
Completed final step. Intention for desire 'desire_a82a42ec' finished.
Desire 'desire_a82a42ec' status updated to DesireStatus.PENDING
Desires: 1 items | Desire 'desire_a82a42ec' pending
  Desire 'desire_a82a42ec' is not satisfied and its plan is exhausted; returning to PENDING for replanning. Reason: The desire required completing the SBench task by creating and verifying the requested files in answer/, but the completed intention only inspected instructions and identified deliverables. There is no evidence the files were created or verified.
Desires: 1 items | Desire 'desire_a82a42ec' pending
Intentions: 0 items
  Skipping reconsideration: No intentions remaining.
--- BDI Cycle End ---
States after BDI cycle
Beliefs: 16 items
Desires: 1 items | Desire 'desire_a82a42ec' pending
Intentions: 0 items
Cycle 2/30
States before starting BDI cycle
Beliefs: 16 items
Desires: 1 items | Desire 'desire_a82a42ec' pending
Intentions: 0 items

--- BDI Cycle Start ---
No current intentions, but active/pending desires exist. Generating intentions...
Generated 1 high-level intentions.
Desire 'desire_a82a42ec' status updated to DesireStatus.ACTIVE
Desires: 1 items | Desire 'desire_a82a42ec' active
Intention generation complete. Updated agent with one high-level intention.
Intentions: 1 items | Desire 'desire_a82a42ec' Intention 'Create and verify the three required answer/ markdown deliverables based on the task instructions and inspected local source files.' Plan active Plan Step 1/1: Create and verify the three required answer/ markdown deliverables based on the task instructions and inspected local source files.
Executing Desire 'desire_a82a42ec' | Intention 'Create and verify the three required answer/ markdown deliverables based on the task instructions and inspected local source files.' | Plan status 'active' | Plan Step 1/1: Create and verify the three required answer/ markdown deliverables based on the task instructions and inspected local source files.
  Plan Step 1 successful.
Plan for desire 'desire_a82a42ec' completed all Plan Steps
Intentions: 1 items | Desire 'desire_a82a42ec' Intention 'Create and verify the three required answer/ markdown deliverables based on the task instructions and inspected local source files.' Plan completed Plan Step 1/1: (Completed)
Completed final step. Intention for desire 'desire_a82a42ec' finished.
Desire 'desire_a82a42ec' status updated to DesireStatus.ACHIEVED
Desires: 1 items | Desire 'desire_a82a42ec' achieved
  Desire 'desire_a82a42ec' satisfied. Removed 1 runnable intention(s). Reason: The task appears fully completed: the required local files were inspected, the three specified markdown deliverables were created in answer/, and verification indicates answer/ contains the requested files with content matching the task rules.
Desires: 1 items | Desire 'desire_a82a42ec' achieved
Intentions: 0 items
  Skipping reconsideration: No intentions remaining.
--- BDI Cycle End (terminal) ---
States after BDI cycle (terminal)
Beliefs: 16 items
Desires: 1 items | Desire 'desire_a82a42ec' achieved
Intentions: 0 items
Task result: achieved; cycles=2/30; elapsed_seconds=104
Answer folder: /Users/douglas/code/masters/sbench/tasks/shelter_restock_scope/answer
