Desires: 1 items | Desire 'desire_65fd52ba' pending
Cycle 1/30
First cycle: Extracting initial beliefs from desire descriptions...
States before starting BDI cycle
Beliefs: 5 items
Desires: 1 items | Desire 'desire_65fd52ba' pending
Intentions: 0 items

--- BDI Cycle Start ---
No current intentions, but active/pending desires exist. Generating intentions...
Generated 1 high-level intentions.
Desire 'desire_65fd52ba' status updated to DesireStatus.ACTIVE
Desires: 1 items | Desire 'desire_65fd52ba' active
Intention generation complete. Updated agent with one high-level intention.
Intentions: 1 items | Desire 'desire_65fd52ba' Intention 'Inspect the task instructions and local non-hidden files to determine the required deliverables to create in the answer/ folder.' Plan active Plan Step 1/1: Inspect the task instructions and local non-hidden files to determine the required deliverables to create in the answer/ folder.
Executing Desire 'desire_65fd52ba' | Intention 'Inspect the task instructions and local non-hidden files to determine the required deliverables to create in the answer/ folder.' | Plan status 'active' | Plan Step 1/1: Inspect the task instructions and local non-hidden files to determine the required deliverables to create in the answer/ folder.
  Processing 1 extracted belief(s).
  Plan Step 1 successful.
Plan for desire 'desire_65fd52ba' completed all Plan Steps
Intentions: 1 items | Desire 'desire_65fd52ba' Intention 'Inspect the task instructions and local non-hidden files to determine the required deliverables to create in the answer/ folder.' Plan completed Plan Step 1/1: (Completed)
Completed final step. Intention for desire 'desire_65fd52ba' finished.
Desire 'desire_65fd52ba' status updated to DesireStatus.PENDING
Desires: 1 items | Desire 'desire_65fd52ba' pending
  Desire 'desire_65fd52ba' is not satisfied and its plan is exhausted; returning to PENDING for replanning. Reason: The desire requires completing the SBench task and verifying the requested files exist in answer/. The evidence only shows inspection and a claim that deliverables were created, but no verification step or confirmation that all task requirements were fulfilled.
Desires: 1 items | Desire 'desire_65fd52ba' pending
Intentions: 0 items
  Skipping reconsideration: No intentions remaining.
--- BDI Cycle End ---
States after BDI cycle
Beliefs: 6 items
Desires: 1 items | Desire 'desire_65fd52ba' pending
Intentions: 0 items
Cycle 2/30
States before starting BDI cycle
Beliefs: 6 items
Desires: 1 items | Desire 'desire_65fd52ba' pending
Intentions: 0 items

--- BDI Cycle Start ---
No current intentions, but active/pending desires exist. Generating intentions...
Generated 1 high-level intentions.
Desire 'desire_65fd52ba' status updated to DesireStatus.ACTIVE
Desires: 1 items | Desire 'desire_65fd52ba' active
Intention generation complete. Updated agent with one high-level intention.
Intentions: 1 items | Desire 'desire_65fd52ba' Intention 'Inspect the task instructions and local non-hidden files to determine the required deliverables and constraints for completing the SBench task.' Plan active Plan Step 1/1: Inspect the task instructions and local non-hidden files to determine the required deliverables and constraints for completing the SBench task.
Executing Desire 'desire_65fd52ba' | Intention 'Inspect the task instructions and local non-hidden files to determine the required deliverables and constraints for completing the SBench task.' | Plan status 'active' | Plan Step 1/1: Inspect the task instructions and local non-hidden files to determine the required deliverables and constraints for completing the SBench task.
  Processing 12 extracted belief(s).
  Plan Step 1 successful.
Plan for desire 'desire_65fd52ba' completed all Plan Steps
Intentions: 1 items | Desire 'desire_65fd52ba' Intention 'Inspect the task instructions and local non-hidden files to determine the required deliverables and constraints for completing the SBench task.' Plan completed Plan Step 1/1: (Completed)
Completed final step. Intention for desire 'desire_65fd52ba' finished.
Desire 'desire_65fd52ba' status updated to DesireStatus.PENDING
Desires: 1 items | Desire 'desire_65fd52ba' pending
  Desire 'desire_65fd52ba' is not satisfied and its plan is exhausted; returning to PENDING for replanning. Reason: The desire required completing the full SBench task and creating/verifying the three deliverables in answer/, but the completed intention only established requirements and constraints. No evidence shows the deliverables were created or verified.
Desires: 1 items | Desire 'desire_65fd52ba' pending
Intentions: 0 items
  Skipping reconsideration: No intentions remaining.
--- BDI Cycle End ---
States after BDI cycle
Beliefs: 18 items
Desires: 1 items | Desire 'desire_65fd52ba' pending
Intentions: 0 items
Cycle 3/30
States before starting BDI cycle
Beliefs: 18 items
Desires: 1 items | Desire 'desire_65fd52ba' pending
Intentions: 0 items

--- BDI Cycle Start ---
No current intentions, but active/pending desires exist. Generating intentions...
Generated 1 high-level intentions.
Desire 'desire_65fd52ba' status updated to DesireStatus.ACTIVE
Desires: 1 items | Desire 'desire_65fd52ba' active
Intention generation complete. Updated agent with one high-level intention.
Intentions: 1 items | Desire 'desire_65fd52ba' Intention 'Analyze the local rollout files to determine the eligible first-wave clinics and produce the required recommendation deliverables in answer/.' Plan active Plan Step 1/1: Analyze the local rollout files to determine the eligible first-wave clinics and produce the required recommendation deliverables in answer/.
Executing Desire 'desire_65fd52ba' | Intention 'Analyze the local rollout files to determine the eligible first-wave clinics and produce the required recommendation deliverables in answer/.' | Plan status 'active' | Plan Step 1/1: Analyze the local rollout files to determine the eligible first-wave clinics and produce the required recommendation deliverables in answer/.
  Processing 3 extracted belief(s).
  Plan Step 1 successful.
Plan for desire 'desire_65fd52ba' completed all Plan Steps
Intentions: 1 items | Desire 'desire_65fd52ba' Intention 'Analyze the local rollout files to determine the eligible first-wave clinics and produce the required recommendation deliverables in answer/.' Plan completed Plan Step 1/1: (Completed)
Completed final step. Intention for desire 'desire_65fd52ba' finished.
Desire 'desire_65fd52ba' status updated to DesireStatus.ACHIEVED
Desires: 1 items | Desire 'desire_65fd52ba' achieved
  Desire 'desire_65fd52ba' satisfied. Removed 1 runnable intention(s). Reason: The completed work and current beliefs indicate the task was fulfilled: the local files were analyzed, the exact required deliverables were created in answer/, the requested three eligible first-wave clinics were selected under the stated rules, and no useful work remains.
Desires: 1 items | Desire 'desire_65fd52ba' achieved
Intentions: 0 items
  Skipping reconsideration: No intentions remaining.
--- BDI Cycle End (terminal) ---
States after BDI cycle (terminal)
Beliefs: 21 items
Desires: 1 items | Desire 'desire_65fd52ba' achieved
Intentions: 0 items
Task result: achieved; cycles=3/30; elapsed_seconds=215
Answer folder: /Users/douglas/code/masters/sbench/tasks/clinic_rollout_plan/answer
