Desires: 1 items | Desire 'desire_cd2d6573' pending

----- clinic_rollout_plan | Cycle 1/30 -----
First cycle: Extracting initial beliefs from desire descriptions...
States before starting BDI cycle
Beliefs: 3 items
Desires: 1 items | Desire 'desire_cd2d6573' pending
Intentions: 0 items

--- BDI Cycle Start ---
No current intentions, but active/pending desires exist. Generating intentions...
Generated 1 high-level intentions.
Desire 'desire_cd2d6573' status updated to DesireStatus.ACTIVE
Desires: 1 items | Desire 'desire_cd2d6573' active
Intention generation complete. Updated agent with one high-level intention.
Intentions: 1 items | Desire 'desire_cd2d6573' Intention 'Inspect the task files and produce the required deliverables in the answer/ folder, verifying the requested files are present.' Plan active Plan Step 1/1: Inspect the task files and produce the required deliverables in the answer/ folder, verifying the requested files are present.
Executing Desire 'desire_cd2d6573' | Intention 'Inspect the task files and produce the required deliverables in the answer/ folder, verifying the requested files are present.' | Plan status 'active' | Plan Step 1/1: Inspect the task files and produce the required deliverables in the answer/ folder, verifying the requested files are present.
  Processing 1 extracted belief(s).
  Plan Step 1 successful.
Plan for desire 'desire_cd2d6573' completed all Plan Steps
Intentions: 1 items | Desire 'desire_cd2d6573' Intention 'Inspect the task files and produce the required deliverables in the answer/ folder, verifying the requested files are present.' Plan completed Plan Step 1/1: (Completed)
Completed final step. Intention for desire 'desire_cd2d6573' finished.
Desire 'desire_cd2d6573' status updated to DesireStatus.ACHIEVED
Desires: 1 items | Desire 'desire_cd2d6573' achieved
  Desire 'desire_cd2d6573' satisfied. Removed 1 runnable intention(s). Reason: The evidence indicates the task files were inspected, the required deliverables were created in answer/, and their presence was verified, with no remaining work identified.
Desires: 1 items | Desire 'desire_cd2d6573' achieved
Intentions: 0 items
  Skipping reconsideration: No intentions remaining.
--- BDI Cycle End (terminal) ---
States after BDI cycle (terminal)
Beliefs: 4 items
Desires: 1 items | Desire 'desire_cd2d6573' achieved
Intentions: 0 items

=== SBench Task Result: clinic_rollout_plan ===
Status: achieved
Cycles Run: 1/30
Time: 1 min 23 sec
Answer Folder: /Users/douglas/code/masters/sbench/tasks/clinic_rollout_plan/answer
Log File: /Users/douglas/code/masters/sbench/runs/20260611T032041Z/bdi/clinic_rollout_plan/clinic_rollout_plan.log
{"answer_folder": "/Users/douglas/code/masters/sbench/tasks/clinic_rollout_plan/answer", "cycles_run": 1, "elapsed_seconds": 83.028, "event": "sbench_bdi_task_summary", "log_path": "/Users/douglas/code/masters/sbench/runs/20260611T032041Z/bdi/clinic_rollout_plan/clinic_rollout_plan.log", "max_cycles": 30, "outcome": "achieved", "task_id": "clinic_rollout_plan"}

=== SBench Toy Run Complete ===
