Desires: 1 items | Desire 'desire_d4c2ea59' pending
Cycle 1/30
First cycle: Extracting initial beliefs from desire descriptions...
States before starting BDI cycle
Beliefs: 5 items
Desires: 1 items | Desire 'desire_d4c2ea59' pending
Intentions: 0 items

--- BDI Cycle Start ---
No current intentions, but active/pending desires exist. Generating intentions...
Generated 1 high-level intentions.
Desire 'desire_d4c2ea59' status updated to DesireStatus.ACTIVE
Desires: 1 items | Desire 'desire_d4c2ea59' active
Intention generation complete. Updated agent with one high-level intention.
Intentions: 1 items | Desire 'desire_d4c2ea59' Intention 'Inspect the task instructions and local non-hidden files to determine the required deliverables and actions for completing the SBench vendor_selection task.' Plan active Plan Step 1/1: Inspect the task instructions and local non-hidden files to determine the required deliverables and actions for completing the SBench vendor_selection task.
Executing Desire 'desire_d4c2ea59' | Intention 'Inspect the task instructions and local non-hidden files to determine the required deliverables and actions for completing the SBench vendor_selection task.' | Plan status 'active' | Plan Step 1/1: Inspect the task instructions and local non-hidden files to determine the required deliverables and actions for completing the SBench vendor_selection task.
  Processing 22 extracted belief(s).
  Plan Step 1 successful.
Plan for desire 'desire_d4c2ea59' completed all Plan Steps
Intentions: 1 items | Desire 'desire_d4c2ea59' Intention 'Inspect the task instructions and local non-hidden files to determine the required deliverables and actions for completing the SBench vendor_selection task.' Plan completed Plan Step 1/1: (Completed)
Completed final step. Intention for desire 'desire_d4c2ea59' finished.
Desire 'desire_d4c2ea59' status updated to DesireStatus.PENDING
Desires: 1 items | Desire 'desire_d4c2ea59' pending
  Desire 'desire_d4c2ea59' is not satisfied and its plan is exhausted; returning to PENDING for replanning. Reason: The intention only determined requirements and planned deliverables; the Desire also requires creating the requested files in answer/ and verifying they exist, which has not been done.
Desires: 1 items | Desire 'desire_d4c2ea59' pending
Intentions: 0 items
  Skipping reconsideration: No intentions remaining.
--- BDI Cycle End ---
States after BDI cycle
Beliefs: 27 items
Desires: 1 items | Desire 'desire_d4c2ea59' pending
Intentions: 0 items
Cycle 2/30
States before starting BDI cycle
Beliefs: 27 items
Desires: 1 items | Desire 'desire_d4c2ea59' pending
Intentions: 0 items

--- BDI Cycle Start ---
No current intentions, but active/pending desires exist. Generating intentions...
Generated 1 high-level intentions.
Desire 'desire_d4c2ea59' status updated to DesireStatus.ACTIVE
Desires: 1 items | Desire 'desire_d4c2ea59' active
Intention generation complete. Updated agent with one high-level intention.
Intentions: 1 items | Desire 'desire_d4c2ea59' Intention 'Create the required answer files in the answer/ folder that document source resolution, vendor screening, and the final purchase recommendation based on the task instructions and local task files.' Plan active Plan Step 1/1: Create the required answer files in the answer/ folder that document source resolution, vendor screening, and the final purchase recommendation based on the task instructions and local task files.
Executing Desire 'desire_d4c2ea59' | Intention 'Create the required answer files in the answer/ folder that document source resolution, vendor screening, and the final purchase recommendation based on the task instructions and local task files.' | Plan status 'active' | Plan Step 1/1: Create the required answer files in the answer/ folder that document source resolution, vendor screening, and the final purchase recommendation based on the task instructions and local task files.
  Plan Step 1 successful.
Plan for desire 'desire_d4c2ea59' completed all Plan Steps
Intentions: 1 items | Desire 'desire_d4c2ea59' Intention 'Create the required answer files in the answer/ folder that document source resolution, vendor screening, and the final purchase recommendation based on the task instructions and local task files.' Plan completed Plan Step 1/1: (Completed)
Completed final step. Intention for desire 'desire_d4c2ea59' finished.
Desire 'desire_d4c2ea59' status updated to DesireStatus.ACHIEVED
Desires: 1 items | Desire 'desire_d4c2ea59' achieved
  Desire 'desire_d4c2ea59' satisfied. Removed 1 runnable intention(s). Reason: The evidence indicates the task instructions were followed, the required deliverables were created in answer/, and the final recommendation and supporting documentation were completed with no remaining work identified.
Desires: 1 items | Desire 'desire_d4c2ea59' achieved
Intentions: 0 items
  Skipping reconsideration: No intentions remaining.
--- BDI Cycle End (terminal) ---
States after BDI cycle (terminal)
Beliefs: 27 items
Desires: 1 items | Desire 'desire_d4c2ea59' achieved
Intentions: 0 items
Task result: achieved; cycles=2/30; elapsed_seconds=120
Answer folder: /Users/douglas/code/masters/sbench/tasks/vendor_selection/answer
