Desires: 1 items | Desire 'desire_5cb15d57' pending
Cycle 1/30
First cycle: Extracting initial beliefs from desire descriptions...
States before starting BDI cycle
Beliefs: 5 items
Desires: 1 items | Desire 'desire_5cb15d57' pending
Intentions: 0 items

--- BDI Cycle Start ---
No current intentions, but active/pending desires exist. Generating intentions...
Generated 1 high-level intentions.
Desire 'desire_5cb15d57' status updated to DesireStatus.ACTIVE
Desires: 1 items | Desire 'desire_5cb15d57' active
Intention generation complete. Updated agent with one high-level intention.
Intentions: 1 items | Desire 'desire_5cb15d57' Intention 'Inspect the task files to determine the required deliverables and steps needed to complete the SBench task in the answer/ folder.' Plan active Plan Step 1/1: Inspect the task files to determine the required deliverables and steps needed to complete the SBench task in the answer/ folder.
Executing Desire 'desire_5cb15d57' | Intention 'Inspect the task files to determine the required deliverables and steps needed to complete the SBench task in the answer/ folder.' | Plan status 'active' | Plan Step 1/1: Inspect the task files to determine the required deliverables and steps needed to complete the SBench task in the answer/ folder.
  Processing 9 extracted belief(s).
  Plan Step 1 successful.
Plan for desire 'desire_5cb15d57' completed all Plan Steps
Intentions: 1 items | Desire 'desire_5cb15d57' Intention 'Inspect the task files to determine the required deliverables and steps needed to complete the SBench task in the answer/ folder.' Plan completed Plan Step 1/1: (Completed)
Completed final step. Intention for desire 'desire_5cb15d57' finished.
Desire 'desire_5cb15d57' status updated to DesireStatus.PENDING
Desires: 1 items | Desire 'desire_5cb15d57' pending
  Desire 'desire_5cb15d57' is not satisfied and its plan is exhausted; returning to PENDING for replanning. Reason: The intention only inspected and identified required deliverables; there is no evidence the requested files were created in answer/ or verified, so the full task desire is not yet fulfilled.
Desires: 1 items | Desire 'desire_5cb15d57' pending
Intentions: 0 items
  Skipping reconsideration: No intentions remaining.
--- BDI Cycle End ---
States after BDI cycle
Beliefs: 12 items
Desires: 1 items | Desire 'desire_5cb15d57' pending
Intentions: 0 items
Cycle 2/30
States before starting BDI cycle
Beliefs: 12 items
Desires: 1 items | Desire 'desire_5cb15d57' pending
Intentions: 0 items

--- BDI Cycle Start ---
No current intentions, but active/pending desires exist. Generating intentions...
Generated 1 high-level intentions.
Desire 'desire_5cb15d57' status updated to DesireStatus.ACTIVE
Desires: 1 items | Desire 'desire_5cb15d57' active
Intention generation complete. Updated agent with one high-level intention.
Intentions: 1 items | Desire 'desire_5cb15d57' Intention 'Inspect the task files and produce the required answer deliverables in the answer/ folder, then verify the requested files exist.' Plan active Plan Step 1/1: Inspect the task files and produce the required answer deliverables in the answer/ folder, then verify the requested files exist.
Executing Desire 'desire_5cb15d57' | Intention 'Inspect the task files and produce the required answer deliverables in the answer/ folder, then verify the requested files exist.' | Plan status 'active' | Plan Step 1/1: Inspect the task files and produce the required answer deliverables in the answer/ folder, then verify the requested files exist.
  Plan Step 1 successful.
Plan for desire 'desire_5cb15d57' completed all Plan Steps
Intentions: 1 items | Desire 'desire_5cb15d57' Intention 'Inspect the task files and produce the required answer deliverables in the answer/ folder, then verify the requested files exist.' Plan completed Plan Step 1/1: (Completed)
Completed final step. Intention for desire 'desire_5cb15d57' finished.
Desire 'desire_5cb15d57' status updated to DesireStatus.ACHIEVED
Desires: 1 items | Desire 'desire_5cb15d57' achieved
  Desire 'desire_5cb15d57' satisfied. Removed 1 runnable intention(s). Reason: The completed intention reports all requested deliverables were created in answer/ and verified to exist, matching the desire’s required files and completion criteria.
Desires: 1 items | Desire 'desire_5cb15d57' achieved
Intentions: 0 items
  Skipping reconsideration: No intentions remaining.
--- BDI Cycle End (terminal) ---
States after BDI cycle (terminal)
Beliefs: 12 items
Desires: 1 items | Desire 'desire_5cb15d57' achieved
Intentions: 0 items
Task result: achieved; cycles=2/30; elapsed_seconds=107
Answer folder: /Users/douglas/code/masters/sbench/tasks/community_workshop_replan/answer
