Desires: 1 items | Desire 'desire_d467cb21' pending
Cycle 1/30
First cycle: Extracting initial beliefs from desire descriptions...
States before starting BDI cycle
Beliefs: 5 items
Desires: 1 items | Desire 'desire_d467cb21' pending
Intentions: 0 items

--- BDI Cycle Start ---
No current intentions, but active/pending desires exist. Generating intentions...
Generated 1 high-level intentions.
Desire 'desire_d467cb21' status updated to DesireStatus.ACTIVE
Desires: 1 items | Desire 'desire_d467cb21' active
Intention generation complete. Updated agent with one high-level intention.
Intentions: 1 items | Desire 'desire_d467cb21' Intention 'Inspect the task files to determine the required deliverables and completion steps for the SBench task.' Plan active Plan Step 1/1: Inspect the task files to determine the required deliverables and completion steps for the SBench task.
Executing Desire 'desire_d467cb21' | Intention 'Inspect the task files to determine the required deliverables and completion steps for the SBench task.' | Plan status 'active' | Plan Step 1/1: Inspect the task files to determine the required deliverables and completion steps for the SBench task.
  Processing 10 extracted belief(s).
  Plan Step 1 successful.
Plan for desire 'desire_d467cb21' completed all Plan Steps
Intentions: 1 items | Desire 'desire_d467cb21' Intention 'Inspect the task files to determine the required deliverables and completion steps for the SBench task.' Plan completed Plan Step 1/1: (Completed)
Completed final step. Intention for desire 'desire_d467cb21' finished.
Desire 'desire_d467cb21' status updated to DesireStatus.ACHIEVED
Desires: 1 items | Desire 'desire_d467cb21' achieved
  Desire 'desire_d467cb21' satisfied. Removed 1 runnable intention(s). Reason: The evidence indicates the task was completed: required files in answer/ were identified and created, task rules were applied, clinics were screened, and a final recommendation was produced with no remaining work indicated.
Desires: 1 items | Desire 'desire_d467cb21' achieved
Intentions: 0 items
  Skipping reconsideration: No intentions remaining.
--- BDI Cycle End (terminal) ---
States after BDI cycle (terminal)
Beliefs: 13 items
Desires: 1 items | Desire 'desire_d467cb21' achieved
Intentions: 0 items
Task result: achieved; cycles=1/30; elapsed_seconds=79
Answer folder: /Users/douglas/code/masters/sbench/tasks/clinic_rollout_plan/answer
