Desires: 1 items | Desire 'desire_92085bad' pending
Cycle 1/30
First cycle: Extracting initial beliefs from desire descriptions...
States before starting BDI cycle
Beliefs: 4 items
Desires: 1 items | Desire 'desire_92085bad' pending
Intentions: 0 items

--- BDI Cycle Start ---
No current intentions, but active/pending desires exist. Generating intentions...
Generated 1 high-level intentions.
Desire 'desire_92085bad' status updated to DesireStatus.ACTIVE
Desires: 1 items | Desire 'desire_92085bad' active
Intention generation complete. Updated agent with one high-level intention.
Intentions: 1 items | Desire 'desire_92085bad' Intention 'Inspect the task instructions and local non-hidden files, then produce and verify the required deliverables in the answer/ folder for the SBench task.' Plan active Plan Step 1/1: Inspect the task instructions and local non-hidden files, then produce and verify the required deliverables in the answer/ folder for the SBench task.
Executing Desire 'desire_92085bad' | Intention 'Inspect the task instructions and local non-hidden files, then produce and verify the required deliverables in the answer/ folder for the SBench task.' | Plan status 'active' | Plan Step 1/1: Inspect the task instructions and local non-hidden files, then produce and verify the required deliverables in the answer/ folder for the SBench task.
  Processing 7 extracted belief(s).
  Plan Step 1 successful.
Plan for desire 'desire_92085bad' completed all Plan Steps
Intentions: 1 items | Desire 'desire_92085bad' Intention 'Inspect the task instructions and local non-hidden files, then produce and verify the required deliverables in the answer/ folder for the SBench task.' Plan completed Plan Step 1/1: (Completed)
Completed final step. Intention for desire 'desire_92085bad' finished.
Desire 'desire_92085bad' status updated to DesireStatus.ACHIEVED
Desires: 1 items | Desire 'desire_92085bad' achieved
  Desire 'desire_92085bad' satisfied. Removed 1 runnable intention(s). Reason: The evidence shows the task instructions were inspected, the required deliverables were created in answer/, and their presence and key required contents were verified; no useful work remains.
Desires: 1 items | Desire 'desire_92085bad' achieved
Intentions: 0 items
  Skipping reconsideration: No intentions remaining.
--- BDI Cycle End (terminal) ---
States after BDI cycle (terminal)
Beliefs: 11 items
Desires: 1 items | Desire 'desire_92085bad' achieved
Intentions: 0 items
Task result: achieved; cycles=1/30; elapsed_seconds=81
Answer folder: /Users/douglas/code/masters/sbench/tasks/grant_closeout_recovery/answer
