Desires: 1 items | Desire 'desire_38bbebaf' pending
Cycle 1/30
First cycle: Extracting initial beliefs from desire descriptions...
States before starting BDI cycle
Beliefs: 5 items
Desires: 1 items | Desire 'desire_38bbebaf' pending
Intentions: 0 items

--- BDI Cycle Start ---
No current intentions, but active/pending desires exist. Generating intentions...
Generated 1 high-level intentions.
Desire 'desire_38bbebaf' status updated to DesireStatus.ACTIVE
Desires: 1 items | Desire 'desire_38bbebaf' active
Intention generation complete. Updated agent with one high-level intention.
Intentions: 1 items | Desire 'desire_38bbebaf' Intention 'Inspect the task files and produce the required deliverables in the answer/ directory, then verify the requested files are present.' Plan active Plan Step 1/1: Inspect the task files and produce the required deliverables in the answer/ directory, then verify the requested files are present.
Executing Desire 'desire_38bbebaf' | Intention 'Inspect the task files and produce the required deliverables in the answer/ directory, then verify the requested files are present.' | Plan status 'active' | Plan Step 1/1: Inspect the task files and produce the required deliverables in the answer/ directory, then verify the requested files are present.
  Processing 3 extracted belief(s).
  Plan Step 1 successful.
Plan for desire 'desire_38bbebaf' completed all Plan Steps
Intentions: 1 items | Desire 'desire_38bbebaf' Intention 'Inspect the task files and produce the required deliverables in the answer/ directory, then verify the requested files are present.' Plan completed Plan Step 1/1: (Completed)
Completed final step. Intention for desire 'desire_38bbebaf' finished.
Desire 'desire_38bbebaf' status updated to DesireStatus.ACHIEVED
Desires: 1 items | Desire 'desire_38bbebaf' achieved
  Desire 'desire_38bbebaf' satisfied. Removed 1 runnable intention(s). Reason: The task files were inspected, the requested deliverables were created in answer/, and their presence was verified with no remaining work indicated.
Desires: 1 items | Desire 'desire_38bbebaf' achieved
Intentions: 0 items
  Skipping reconsideration: No intentions remaining.
--- BDI Cycle End (terminal) ---
States after BDI cycle (terminal)
Beliefs: 8 items
Desires: 1 items | Desire 'desire_38bbebaf' achieved
Intentions: 0 items
Task result: achieved; cycles=1/30; elapsed_seconds=86
Answer folder: /Users/douglas/code/masters/sbench/tasks/clinic_rollout_plan/answer
