Desires: 1 items | Desire 'desire_8b666771' pending
Cycle 1/30
First cycle: Extracting initial beliefs from desire descriptions...
States before starting BDI cycle
Beliefs: 5 items
Desires: 1 items | Desire 'desire_8b666771' pending
Intentions: 0 items

--- BDI Cycle Start ---
No current intentions, but active/pending desires exist. Generating intentions...
Generated 1 high-level intentions.
Desire 'desire_8b666771' status updated to DesireStatus.ACTIVE
Desires: 1 items | Desire 'desire_8b666771' active
Intention generation complete. Updated agent with one high-level intention.
Intentions: 1 items | Desire 'desire_8b666771' Intention 'Inspect the task instructions and local non-hidden files to determine the required deliverables to create in answer/.' Plan active Plan Step 1/1: Inspect the task instructions and local non-hidden files to determine the required deliverables to create in answer/.
Executing Desire 'desire_8b666771' | Intention 'Inspect the task instructions and local non-hidden files to determine the required deliverables to create in answer/.' | Plan status 'active' | Plan Step 1/1: Inspect the task instructions and local non-hidden files to determine the required deliverables to create in answer/.
  Processing 17 extracted belief(s).
  Plan Step 1 successful.
Plan for desire 'desire_8b666771' completed all Plan Steps
Intentions: 1 items | Desire 'desire_8b666771' Intention 'Inspect the task instructions and local non-hidden files to determine the required deliverables to create in answer/.' Plan completed Plan Step 1/1: (Completed)
Completed final step. Intention for desire 'desire_8b666771' finished.
Desire 'desire_8b666771' status updated to DesireStatus.PENDING
Desires: 1 items | Desire 'desire_8b666771' pending
  Desire 'desire_8b666771' is not satisfied and its plan is exhausted; returning to PENDING for replanning. Reason: The desire required creating the requested deliverables in answer/ and verifying they exist. The completed intention only determined what files should be created; there is no evidence the files were actually created or verified.
Desires: 1 items | Desire 'desire_8b666771' pending
Intentions: 0 items
  Skipping reconsideration: No intentions remaining.
--- BDI Cycle End ---
States after BDI cycle
Beliefs: 22 items
Desires: 1 items | Desire 'desire_8b666771' pending
Intentions: 0 items
Cycle 2/30
States before starting BDI cycle
Beliefs: 22 items
Desires: 1 items | Desire 'desire_8b666771' pending
Intentions: 0 items

--- BDI Cycle Start ---
No current intentions, but active/pending desires exist. Generating intentions...
Generated 1 high-level intentions.
Desire 'desire_8b666771' status updated to DesireStatus.ACTIVE
Desires: 1 items | Desire 'desire_8b666771' active
Intention generation complete. Updated agent with one high-level intention.
Intentions: 1 items | Desire 'desire_8b666771' Intention 'Create the required reimbursement audit deliverables in the answer/ folder based on the inspected policy and expense decisions, and verify the requested files are present.' Plan active Plan Step 1/1: Create the required reimbursement audit deliverables in the answer/ folder based on the inspected policy and expense decisions, and verify the requested files are present.
Executing Desire 'desire_8b666771' | Intention 'Create the required reimbursement audit deliverables in the answer/ folder based on the inspected policy and expense decisions, and verify the requested files are present.' | Plan status 'active' | Plan Step 1/1: Create the required reimbursement audit deliverables in the answer/ folder based on the inspected policy and expense decisions, and verify the requested files are present.
  Plan Step 1 successful.
Plan for desire 'desire_8b666771' completed all Plan Steps
Intentions: 1 items | Desire 'desire_8b666771' Intention 'Create the required reimbursement audit deliverables in the answer/ folder based on the inspected policy and expense decisions, and verify the requested files are present.' Plan completed Plan Step 1/1: (Completed)
Completed final step. Intention for desire 'desire_8b666771' finished.
Desire 'desire_8b666771' status updated to DesireStatus.ACHIEVED
Desires: 1 items | Desire 'desire_8b666771' achieved
  Desire 'desire_8b666771' satisfied. Removed 1 runnable intention(s). Reason: The desire’s required deliverables were created in answer/ after inspecting the specified non-hidden task files, and the required files were verified as present with no remaining work indicated.
Desires: 1 items | Desire 'desire_8b666771' achieved
Intentions: 0 items
  Skipping reconsideration: No intentions remaining.
--- BDI Cycle End (terminal) ---
States after BDI cycle (terminal)
Beliefs: 22 items
Desires: 1 items | Desire 'desire_8b666771' achieved
Intentions: 0 items
Task result: achieved; cycles=2/30; elapsed_seconds=118
Answer folder: /Users/douglas/code/masters/sbench/tasks/travel_reimbursement_audit/answer
