Desires: 1 items | Desire 'desire_3d528590' pending
Cycle 1/30
First cycle: Extracting initial beliefs from desire descriptions...
States before starting BDI cycle
Beliefs: 5 items
Desires: 1 items | Desire 'desire_3d528590' pending
Intentions: 0 items

--- BDI Cycle Start ---
No current intentions, but active/pending desires exist. Generating intentions...
Generated 1 high-level intentions.
Desire 'desire_3d528590' status updated to DesireStatus.ACTIVE
Desires: 1 items | Desire 'desire_3d528590' active
Intention generation complete. Updated agent with one high-level intention.
Intentions: 1 items | Desire 'desire_3d528590' Intention 'Inspect the task files to determine the required deliverables and constraints for completing the SBench task.' Plan active Plan Step 1/1: Inspect the task files to determine the required deliverables and constraints for completing the SBench task.
Executing Desire 'desire_3d528590' | Intention 'Inspect the task files to determine the required deliverables and constraints for completing the SBench task.' | Plan status 'active' | Plan Step 1/1: Inspect the task files to determine the required deliverables and constraints for completing the SBench task.
  Processing 16 extracted belief(s).
  Plan Step 1 successful.
Plan for desire 'desire_3d528590' completed all Plan Steps
Intentions: 1 items | Desire 'desire_3d528590' Intention 'Inspect the task files to determine the required deliverables and constraints for completing the SBench task.' Plan completed Plan Step 1/1: (Completed)
Completed final step. Intention for desire 'desire_3d528590' finished.
Desire 'desire_3d528590' status updated to DesireStatus.PENDING
Desires: 1 items | Desire 'desire_3d528590' pending
  Desire 'desire_3d528590' is not satisfied and its plan is exhausted; returning to PENDING for replanning. Reason: The desire is not yet fulfilled: only task inspection was completed. The required deliverable files in answer/ were not created or verified, so useful work remains.
Desires: 1 items | Desire 'desire_3d528590' pending
Intentions: 0 items
  Skipping reconsideration: No intentions remaining.
--- BDI Cycle End ---
States after BDI cycle
Beliefs: 21 items
Desires: 1 items | Desire 'desire_3d528590' pending
Intentions: 0 items
Cycle 2/30
States before starting BDI cycle
Beliefs: 21 items
Desires: 1 items | Desire 'desire_3d528590' pending
Intentions: 0 items

--- BDI Cycle Start ---
No current intentions, but active/pending desires exist. Generating intentions...
Generated 1 high-level intentions.
Desire 'desire_3d528590' status updated to DesireStatus.ACTIVE
Desires: 1 items | Desire 'desire_3d528590' active
Intention generation complete. Updated agent with one high-level intention.
Intentions: 1 items | Desire 'desire_3d528590' Intention 'Create the required restock packet deliverables in answer/ based on the local task files and stated selection rules, then verify the requested files exist.' Plan active Plan Step 1/1: Create the required restock packet deliverables in answer/ based on the local task files and stated selection rules, then verify the requested files exist.
Executing Desire 'desire_3d528590' | Intention 'Create the required restock packet deliverables in answer/ based on the local task files and stated selection rules, then verify the requested files exist.' | Plan status 'active' | Plan Step 1/1: Create the required restock packet deliverables in answer/ based on the local task files and stated selection rules, then verify the requested files exist.
  Processing 1 extracted belief(s).
  Plan Step 1 successful.
Plan for desire 'desire_3d528590' completed all Plan Steps
Intentions: 1 items | Desire 'desire_3d528590' Intention 'Create the required restock packet deliverables in answer/ based on the local task files and stated selection rules, then verify the requested files exist.' Plan completed Plan Step 1/1: (Completed)
Completed final step. Intention for desire 'desire_3d528590' finished.
Desire 'desire_3d528590' status updated to DesireStatus.ACHIEVED
Desires: 1 items | Desire 'desire_3d528590' achieved
  Desire 'desire_3d528590' satisfied. Removed 1 runnable intention(s). Reason: The desire’s requirements are met: the task was completed using local task files, the requested deliverables were created in answer/, and verification confirmed all required files exist.
Desires: 1 items | Desire 'desire_3d528590' achieved
Intentions: 0 items
  Skipping reconsideration: No intentions remaining.
--- BDI Cycle End (terminal) ---
States after BDI cycle (terminal)
Beliefs: 21 items
Desires: 1 items | Desire 'desire_3d528590' achieved
Intentions: 0 items
Task result: achieved; cycles=2/30; elapsed_seconds=110
Answer folder: /Users/douglas/code/masters/sbench/tasks/shelter_restock_scope/answer
