Desires: 1 items | Desire 'desire_35941c31' pending
Cycle 1/30
First cycle: Extracting initial beliefs from desire descriptions...
States before starting BDI cycle
Beliefs: 3 items
Desires: 1 items | Desire 'desire_35941c31' pending
Intentions: 0 items

--- BDI Cycle Start ---
No current intentions, but active/pending desires exist. Generating intentions...
Generated 1 high-level intentions.
Desire 'desire_35941c31' status updated to DesireStatus.ACTIVE
Desires: 1 items | Desire 'desire_35941c31' active
Intention generation complete. Updated agent with one high-level intention.
Intentions: 1 items | Desire 'desire_35941c31' Intention 'Inspect the task files to determine the required deliverables and constraints for completing the SBench task.' Plan active Plan Step 1/1: Inspect the task files to determine the required deliverables and constraints for completing the SBench task.
Executing Desire 'desire_35941c31' | Intention 'Inspect the task files to determine the required deliverables and constraints for completing the SBench task.' | Plan status 'active' | Plan Step 1/1: Inspect the task files to determine the required deliverables and constraints for completing the SBench task.
  Processing 10 extracted belief(s).
  Plan Step 1 successful.
Plan for desire 'desire_35941c31' completed all Plan Steps
Intentions: 1 items | Desire 'desire_35941c31' Intention 'Inspect the task files to determine the required deliverables and constraints for completing the SBench task.' Plan completed Plan Step 1/1: (Completed)
Completed final step. Intention for desire 'desire_35941c31' finished.
Desire 'desire_35941c31' status updated to DesireStatus.PENDING
Desires: 1 items | Desire 'desire_35941c31' pending
  Desire 'desire_35941c31' is not satisfied and its plan is exhausted; returning to PENDING for replanning. Reason: The desire required completing the full SBench task and creating/verifying the three deliverables in answer/, but the completed intention only inspected task files and identified requirements; the deliverables have not been created or verified.
Desires: 1 items | Desire 'desire_35941c31' pending
Intentions: 0 items
  Skipping reconsideration: No intentions remaining.
--- BDI Cycle End ---
States after BDI cycle
Beliefs: 13 items
Desires: 1 items | Desire 'desire_35941c31' pending
Intentions: 0 items
Cycle 2/30
States before starting BDI cycle
Beliefs: 13 items
Desires: 1 items | Desire 'desire_35941c31' pending
Intentions: 0 items

--- BDI Cycle Start ---
No current intentions, but active/pending desires exist. Generating intentions...
Generated 1 high-level intentions.
Desire 'desire_35941c31' status updated to DesireStatus.ACTIVE
Desires: 1 items | Desire 'desire_35941c31' active
Intention generation complete. Updated agent with one high-level intention.
Intentions: 1 items | Desire 'desire_35941c31' Intention 'Inspect the task files and produce the required room-planning deliverables in answer/, including the updated plan after the facility change.' Plan active Plan Step 1/1: Inspect the task files and produce the required room-planning deliverables in answer/, including the updated plan after the facility change.
Executing Desire 'desire_35941c31' | Intention 'Inspect the task files and produce the required room-planning deliverables in answer/, including the updated plan after the facility change.' | Plan status 'active' | Plan Step 1/1: Inspect the task files and produce the required room-planning deliverables in answer/, including the updated plan after the facility change.
  Processing 5 extracted belief(s).
  Plan Step 1 successful.
Plan for desire 'desire_35941c31' completed all Plan Steps
Intentions: 1 items | Desire 'desire_35941c31' Intention 'Inspect the task files and produce the required room-planning deliverables in answer/, including the updated plan after the facility change.' Plan completed Plan Step 1/1: (Completed)
Completed final step. Intention for desire 'desire_35941c31' finished.
Desire 'desire_35941c31' status updated to DesireStatus.ACHIEVED
Desires: 1 items | Desire 'desire_35941c31' achieved
  Desire 'desire_35941c31' satisfied. Removed 1 runnable intention(s). Reason: The task files were inspected, all required deliverables were created under answer/, and the final updated room plan covers all sessions within budget.
Desires: 1 items | Desire 'desire_35941c31' achieved
Intentions: 0 items
  Skipping reconsideration: No intentions remaining.
--- BDI Cycle End (terminal) ---
States after BDI cycle (terminal)
Beliefs: 18 items
Desires: 1 items | Desire 'desire_35941c31' achieved
Intentions: 0 items
Task result: achieved; cycles=2/30; elapsed_seconds=109
Answer folder: /Users/douglas/code/masters/sbench/tasks/community_workshop_replan/answer
