Desires: 1 items | Desire 'desire_a8f02908' pending
Cycle 1/30
First cycle: Extracting initial beliefs from desire descriptions...
States before starting BDI cycle
Beliefs: 5 items
Desires: 1 items | Desire 'desire_a8f02908' pending
Intentions: 0 items

--- BDI Cycle Start ---
No current intentions, but active/pending desires exist. Generating intentions...
Generated 1 high-level intentions.
Desire 'desire_a8f02908' status updated to DesireStatus.ACTIVE
Desires: 1 items | Desire 'desire_a8f02908' active
Intention generation complete. Updated agent with one high-level intention.
Intentions: 1 items | Desire 'desire_a8f02908' Intention 'Inspect task.md and relevant non-hidden task files to determine the required deliverables and steps to complete the SBench task.' Plan active Plan Step 1/1: Inspect task.md and relevant non-hidden task files to determine the required deliverables and steps to complete the SBench task.
Executing Desire 'desire_a8f02908' | Intention 'Inspect task.md and relevant non-hidden task files to determine the required deliverables and steps to complete the SBench task.' | Plan status 'active' | Plan Step 1/1: Inspect task.md and relevant non-hidden task files to determine the required deliverables and steps to complete the SBench task.
  Processing 9 extracted belief(s).
  Plan Step 1 successful.
Plan for desire 'desire_a8f02908' completed all Plan Steps
Intentions: 1 items | Desire 'desire_a8f02908' Intention 'Inspect task.md and relevant non-hidden task files to determine the required deliverables and steps to complete the SBench task.' Plan completed Plan Step 1/1: (Completed)
Completed final step. Intention for desire 'desire_a8f02908' finished.
Desire 'desire_a8f02908' status updated to DesireStatus.ACHIEVED
Desires: 1 items | Desire 'desire_a8f02908' achieved
  Desire 'desire_a8f02908' satisfied. Removed 1 runnable intention(s). Reason: The desire’s required work appears complete: task files were inspected, the requested deliverables were created in answer/, and the final assignment was determined with no remaining intentions.
Desires: 1 items | Desire 'desire_a8f02908' achieved
Intentions: 0 items
  Skipping reconsideration: No intentions remaining.
--- BDI Cycle End (terminal) ---
States after BDI cycle (terminal)
Beliefs: 14 items
Desires: 1 items | Desire 'desire_a8f02908' achieved
Intentions: 0 items
Task result: achieved; cycles=1/30; elapsed_seconds=72
Answer folder: /Users/douglas/code/masters/sbench/tasks/incident_staffing_plan/answer
