Desires: 1 items | Desire 'desire_739b89f4' pending
Cycle 1/30
First cycle: Extracting initial beliefs from desire descriptions...
States before starting BDI cycle
Beliefs: 5 items
Desires: 1 items | Desire 'desire_739b89f4' pending
Intentions: 0 items

--- BDI Cycle Start ---
No current intentions, but active/pending desires exist. Generating intentions...
Generated 1 high-level intentions.
Desire 'desire_739b89f4' status updated to DesireStatus.ACTIVE
Desires: 1 items | Desire 'desire_739b89f4' active
Intention generation complete. Updated agent with one high-level intention.
Intentions: 1 items | Desire 'desire_739b89f4' Intention 'Inspect the task instructions and local non-hidden files, then produce and verify the required deliverables in the answer/ folder.' Plan active Plan Step 1/1: Inspect the task instructions and local non-hidden files, then produce and verify the required deliverables in the answer/ folder.
Executing Desire 'desire_739b89f4' | Intention 'Inspect the task instructions and local non-hidden files, then produce and verify the required deliverables in the answer/ folder.' | Plan status 'active' | Plan Step 1/1: Inspect the task instructions and local non-hidden files, then produce and verify the required deliverables in the answer/ folder.
  Processing 8 extracted belief(s).
  Plan Step 1 successful.
Plan for desire 'desire_739b89f4' completed all Plan Steps
Intentions: 1 items | Desire 'desire_739b89f4' Intention 'Inspect the task instructions and local non-hidden files, then produce and verify the required deliverables in the answer/ folder.' Plan completed Plan Step 1/1: (Completed)
Completed final step. Intention for desire 'desire_739b89f4' finished.
Desire 'desire_739b89f4' status updated to DesireStatus.ACHIEVED
Desires: 1 items | Desire 'desire_739b89f4' achieved
  Desire 'desire_739b89f4' satisfied. Removed 1 runnable intention(s). Reason: The evidence indicates the task instructions were inspected, the requested deliverables were created in answer/, and verification confirmed the required files and key content, so the desire appears fulfilled.
Desires: 1 items | Desire 'desire_739b89f4' achieved
Intentions: 0 items
  Skipping reconsideration: No intentions remaining.
--- BDI Cycle End (terminal) ---
States after BDI cycle (terminal)
Beliefs: 13 items
Desires: 1 items | Desire 'desire_739b89f4' achieved
Intentions: 0 items
Task result: achieved; cycles=1/30; elapsed_seconds=75
Answer folder: /Users/douglas/code/masters/sbench/tasks/vendor_selection/answer
