Desires: 1 items | Desire 'desire_cb50e673' pending
Cycle 1/30
First cycle: Extracting initial beliefs from desire descriptions...
States before starting BDI cycle
Beliefs: 5 items
Desires: 1 items | Desire 'desire_cb50e673' pending
Intentions: 0 items

--- BDI Cycle Start ---
No current intentions, but active/pending desires exist. Generating intentions...
Generated 1 high-level intentions.
Desire 'desire_cb50e673' status updated to DesireStatus.ACTIVE
Desires: 1 items | Desire 'desire_cb50e673' active
Intention generation complete. Updated agent with one high-level intention.
Intentions: 1 items | Desire 'desire_cb50e673' Intention 'Inspect the task files and determine the required deliverables to create in the answer/ folder for the SBench clinic rollout plan task.' Plan active Plan Step 1/1: Inspect the task files and determine the required deliverables to create in the answer/ folder for the SBench clinic rollout plan task.
Executing Desire 'desire_cb50e673' | Intention 'Inspect the task files and determine the required deliverables to create in the answer/ folder for the SBench clinic rollout plan task.' | Plan status 'active' | Plan Step 1/1: Inspect the task files and determine the required deliverables to create in the answer/ folder for the SBench clinic rollout plan task.
  Processing 5 extracted belief(s).
  Plan Step 1 successful.
Plan for desire 'desire_cb50e673' completed all Plan Steps
Intentions: 1 items | Desire 'desire_cb50e673' Intention 'Inspect the task files and determine the required deliverables to create in the answer/ folder for the SBench clinic rollout plan task.' Plan completed Plan Step 1/1: (Completed)
Completed final step. Intention for desire 'desire_cb50e673' finished.
Desire 'desire_cb50e673' status updated to DesireStatus.PENDING
Desires: 1 items | Desire 'desire_cb50e673' pending
  Desire 'desire_cb50e673' is not satisfied and its plan is exhausted; returning to PENDING for replanning. Reason: Not yet established as fulfilled: the desire requires verifying answer/ contains the requested files after creating deliverables, and the evidence provided is indirect rather than a direct final verification of the folder contents.
Desires: 1 items | Desire 'desire_cb50e673' pending
Intentions: 0 items
  Skipping reconsideration: No intentions remaining.
--- BDI Cycle End ---
States after BDI cycle
Beliefs: 10 items
Desires: 1 items | Desire 'desire_cb50e673' pending
Intentions: 0 items
Cycle 2/30
States before starting BDI cycle
Beliefs: 10 items
Desires: 1 items | Desire 'desire_cb50e673' pending
Intentions: 0 items

--- BDI Cycle Start ---
No current intentions, but active/pending desires exist. Generating intentions...
Generated 1 high-level intentions.
Desire 'desire_cb50e673' status updated to DesireStatus.ACTIVE
Desires: 1 items | Desire 'desire_cb50e673' active
Intention generation complete. Updated agent with one high-level intention.
Intentions: 1 items | Desire 'desire_cb50e673' Intention 'Create and verify the required rollout deliverables in answer/ based on the task files and current clinic selection findings.' Plan active Plan Step 1/1: Create and verify the required rollout deliverables in answer/ based on the task files and current clinic selection findings.
Executing Desire 'desire_cb50e673' | Intention 'Create and verify the required rollout deliverables in answer/ based on the task files and current clinic selection findings.' | Plan status 'active' | Plan Step 1/1: Create and verify the required rollout deliverables in answer/ based on the task files and current clinic selection findings.
  Plan Step 1 successful.
Plan for desire 'desire_cb50e673' completed all Plan Steps
Intentions: 1 items | Desire 'desire_cb50e673' Intention 'Create and verify the required rollout deliverables in answer/ based on the task files and current clinic selection findings.' Plan completed Plan Step 1/1: (Completed)
Completed final step. Intention for desire 'desire_cb50e673' finished.
Desire 'desire_cb50e673' status updated to DesireStatus.ACHIEVED
Desires: 1 items | Desire 'desire_cb50e673' achieved
  Desire 'desire_cb50e673' satisfied. Removed 1 runnable intention(s). Reason: The task deliverables were created in answer/ and verified present, with required checkpoints and final clinic selection/cost details documented; no useful work remains based on the provided evidence.
Desires: 1 items | Desire 'desire_cb50e673' achieved
Intentions: 0 items
  Skipping reconsideration: No intentions remaining.
--- BDI Cycle End (terminal) ---
States after BDI cycle (terminal)
Beliefs: 10 items
Desires: 1 items | Desire 'desire_cb50e673' achieved
Intentions: 0 items
Task result: achieved; cycles=2/30; elapsed_seconds=134
Answer folder: /Users/douglas/code/masters/sbench/tasks/clinic_rollout_plan/answer
