Desires: 1 items | Desire 'desire_968b7ddb' pending
Cycle 1/30
First cycle: Extracting initial beliefs from desire descriptions...
States before starting BDI cycle
Beliefs: 5 items
Desires: 1 items | Desire 'desire_968b7ddb' pending
Intentions: 0 items

--- BDI Cycle Start ---
No current intentions, but active/pending desires exist. Generating intentions...
Generated 1 high-level intentions.
Desire 'desire_968b7ddb' status updated to DesireStatus.ACTIVE
Desires: 1 items | Desire 'desire_968b7ddb' active
Intention generation complete. Updated agent with one high-level intention.
Intentions: 1 items | Desire 'desire_968b7ddb' Intention 'Inspect the task instructions and local non-hidden files to determine the required deliverables and complete the SBench task in the answer/ folder.' Plan active Plan Step 1/1: Inspect the task instructions and local non-hidden files to determine the required deliverables and complete the SBench task in the answer/ folder.
Executing Desire 'desire_968b7ddb' | Intention 'Inspect the task instructions and local non-hidden files to determine the required deliverables and complete the SBench task in the answer/ folder.' | Plan status 'active' | Plan Step 1/1: Inspect the task instructions and local non-hidden files to determine the required deliverables and complete the SBench task in the answer/ folder.
  Processing 3 extracted belief(s).
  Plan Step 1 successful.
Plan for desire 'desire_968b7ddb' completed all Plan Steps
Intentions: 1 items | Desire 'desire_968b7ddb' Intention 'Inspect the task instructions and local non-hidden files to determine the required deliverables and complete the SBench task in the answer/ folder.' Plan completed Plan Step 1/1: (Completed)
Completed final step. Intention for desire 'desire_968b7ddb' finished.
Desire 'desire_968b7ddb' status updated to DesireStatus.ACHIEVED
Desires: 1 items | Desire 'desire_968b7ddb' achieved
  Desire 'desire_968b7ddb' satisfied. Removed 1 runnable intention(s). Reason: The task appears fully completed: required deliverables were created in answer/ and the final staffing assignment was produced, with no remaining intentions or evidence of missing work.
Desires: 1 items | Desire 'desire_968b7ddb' achieved
Intentions: 0 items
  Skipping reconsideration: No intentions remaining.
--- BDI Cycle End (terminal) ---
States after BDI cycle (terminal)
Beliefs: 8 items
Desires: 1 items | Desire 'desire_968b7ddb' achieved
Intentions: 0 items
Task result: achieved; cycles=1/30; elapsed_seconds=55
Answer folder: /Users/douglas/code/masters/sbench/tasks/incident_staffing_plan/answer
