Desires: 1 items | Desire 'desire_be7bc2c5' pending
Cycle 1/30
First cycle: Extracting initial beliefs from desire descriptions...
States before starting BDI cycle
Beliefs: 5 items
Desires: 1 items | Desire 'desire_be7bc2c5' pending
Intentions: 0 items

--- BDI Cycle Start ---
No current intentions, but active/pending desires exist. Generating intentions...
Generated 1 high-level intentions.
Desire 'desire_be7bc2c5' status updated to DesireStatus.ACTIVE
Desires: 1 items | Desire 'desire_be7bc2c5' active
Intention generation complete. Updated agent with one high-level intention.
Intentions: 1 items | Desire 'desire_be7bc2c5' Intention 'Inspect the task instructions and local non-hidden task files to determine the required deliverables and steps for completing the SBench task.' Plan active Plan Step 1/1: Inspect the task instructions and local non-hidden task files to determine the required deliverables and steps for completing the SBench task.
Executing Desire 'desire_be7bc2c5' | Intention 'Inspect the task instructions and local non-hidden task files to determine the required deliverables and steps for completing the SBench task.' | Plan status 'active' | Plan Step 1/1: Inspect the task instructions and local non-hidden task files to determine the required deliverables and steps for completing the SBench task.
  Processing 15 extracted belief(s).
  Plan Step 1 successful.
Plan for desire 'desire_be7bc2c5' completed all Plan Steps
Intentions: 1 items | Desire 'desire_be7bc2c5' Intention 'Inspect the task instructions and local non-hidden task files to determine the required deliverables and steps for completing the SBench task.' Plan completed Plan Step 1/1: (Completed)
Completed final step. Intention for desire 'desire_be7bc2c5' finished.
Desire 'desire_be7bc2c5' status updated to DesireStatus.PENDING
Desires: 1 items | Desire 'desire_be7bc2c5' pending
  Desire 'desire_be7bc2c5' is not satisfied and its plan is exhausted; returning to PENDING for replanning. Reason: The desire required completing the full SBench task and creating/verifying the three files in answer/, but the completed intention only covered inspection of instructions and files. No evidence shows the deliverables were created or verified.
Desires: 1 items | Desire 'desire_be7bc2c5' pending
Intentions: 0 items
  Skipping reconsideration: No intentions remaining.
--- BDI Cycle End ---
States after BDI cycle
Beliefs: 20 items
Desires: 1 items | Desire 'desire_be7bc2c5' pending
Intentions: 0 items
Cycle 2/30
States before starting BDI cycle
Beliefs: 20 items
Desires: 1 items | Desire 'desire_be7bc2c5' pending
Intentions: 0 items

--- BDI Cycle Start ---
No current intentions, but active/pending desires exist. Generating intentions...
Generated 1 high-level intentions.
Desire 'desire_be7bc2c5' status updated to DesireStatus.ACTIVE
Desires: 1 items | Desire 'desire_be7bc2c5' active
Intention generation complete. Updated agent with one high-level intention.
Intentions: 1 items | Desire 'desire_be7bc2c5' Intention 'Audit the listed travel expenses against the controlling policy and produce the required reimbursement deliverables in the answer/ folder.' Plan active Plan Step 1/1: Audit the listed travel expenses against the controlling policy and produce the required reimbursement deliverables in the answer/ folder.
Executing Desire 'desire_be7bc2c5' | Intention 'Audit the listed travel expenses against the controlling policy and produce the required reimbursement deliverables in the answer/ folder.' | Plan status 'active' | Plan Step 1/1: Audit the listed travel expenses against the controlling policy and produce the required reimbursement deliverables in the answer/ folder.
  Processing 2 extracted belief(s).
  Plan Step 1 successful.
Plan for desire 'desire_be7bc2c5' completed all Plan Steps
Intentions: 1 items | Desire 'desire_be7bc2c5' Intention 'Audit the listed travel expenses against the controlling policy and produce the required reimbursement deliverables in the answer/ folder.' Plan completed Plan Step 1/1: (Completed)
Completed final step. Intention for desire 'desire_be7bc2c5' finished.
Desire 'desire_be7bc2c5' status updated to DesireStatus.ACHIEVED
Desires: 1 items | Desire 'desire_be7bc2c5' achieved
  Desire 'desire_be7bc2c5' satisfied. Removed 1 runnable intention(s). Reason: The completed intention produced the three required deliverables in answer/ and current beliefs indicate the audit and reimbursement summary were finished with no remaining work.
Desires: 1 items | Desire 'desire_be7bc2c5' achieved
Intentions: 0 items
  Skipping reconsideration: No intentions remaining.
--- BDI Cycle End (terminal) ---
States after BDI cycle (terminal)
Beliefs: 22 items
Desires: 1 items | Desire 'desire_be7bc2c5' achieved
Intentions: 0 items
Task result: achieved; cycles=2/30; elapsed_seconds=121
Answer folder: /Users/douglas/code/masters/sbench/tasks/travel_reimbursement_audit/answer
