Desires: 1 items | Desire 'desire_a78e6ef4' pending
Cycle 1/30
First cycle: Extracting initial beliefs from desire descriptions...
States before starting BDI cycle
Beliefs: 5 items
Desires: 1 items | Desire 'desire_a78e6ef4' pending
Intentions: 0 items

--- BDI Cycle Start ---
No current intentions, but active/pending desires exist. Generating intentions...
Generated 1 high-level intentions.
Desire 'desire_a78e6ef4' status updated to DesireStatus.ACTIVE
Desires: 1 items | Desire 'desire_a78e6ef4' active
Intention generation complete. Updated agent with one high-level intention.
Intentions: 1 items | Desire 'desire_a78e6ef4' Intention 'Inspect task.md and relevant non-hidden task files to determine the required deliverables and completion steps for the SBench task.' Plan active Plan Step 1/1: Inspect task.md and relevant non-hidden task files to determine the required deliverables and completion steps for the SBench task.
Executing Desire 'desire_a78e6ef4' | Intention 'Inspect task.md and relevant non-hidden task files to determine the required deliverables and completion steps for the SBench task.' | Plan status 'active' | Plan Step 1/1: Inspect task.md and relevant non-hidden task files to determine the required deliverables and completion steps for the SBench task.
  Processing 11 extracted belief(s).
  Plan Step 1 successful.
Plan for desire 'desire_a78e6ef4' completed all Plan Steps
Intentions: 1 items | Desire 'desire_a78e6ef4' Intention 'Inspect task.md and relevant non-hidden task files to determine the required deliverables and completion steps for the SBench task.' Plan completed Plan Step 1/1: (Completed)
Completed final step. Intention for desire 'desire_a78e6ef4' finished.
Desire 'desire_a78e6ef4' status updated to DesireStatus.PENDING
Desires: 1 items | Desire 'desire_a78e6ef4' pending
  Desire 'desire_a78e6ef4' is not satisfied and its plan is exhausted; returning to PENDING for replanning. Reason: Only the inspection/planning step is completed. The desire also requires creating the three deliverables in answer/ and verifying they exist, which has not been shown.
Desires: 1 items | Desire 'desire_a78e6ef4' pending
Intentions: 0 items
  Skipping reconsideration: No intentions remaining.
--- BDI Cycle End ---
States after BDI cycle
Beliefs: 16 items
Desires: 1 items | Desire 'desire_a78e6ef4' pending
Intentions: 0 items
Cycle 2/30
States before starting BDI cycle
Beliefs: 16 items
Desires: 1 items | Desire 'desire_a78e6ef4' pending
Intentions: 0 items

--- BDI Cycle Start ---
No current intentions, but active/pending desires exist. Generating intentions...
Generated 1 high-level intentions.
Desire 'desire_a78e6ef4' status updated to DesireStatus.ACTIVE
Desires: 1 items | Desire 'desire_a78e6ef4' active
Intention generation complete. Updated agent with one high-level intention.
Intentions: 1 items | Desire 'desire_a78e6ef4' Intention 'Create and verify the required answer/ deliverable files for the clinic rollout plan based on the task instructions and resolved clinic selection data.' Plan active Plan Step 1/1: Create and verify the required answer/ deliverable files for the clinic rollout plan based on the task instructions and resolved clinic selection data.
Executing Desire 'desire_a78e6ef4' | Intention 'Create and verify the required answer/ deliverable files for the clinic rollout plan based on the task instructions and resolved clinic selection data.' | Plan status 'active' | Plan Step 1/1: Create and verify the required answer/ deliverable files for the clinic rollout plan based on the task instructions and resolved clinic selection data.
  Plan Step 1 successful.
Plan for desire 'desire_a78e6ef4' completed all Plan Steps
Intentions: 1 items | Desire 'desire_a78e6ef4' Intention 'Create and verify the required answer/ deliverable files for the clinic rollout plan based on the task instructions and resolved clinic selection data.' Plan completed Plan Step 1/1: (Completed)
Completed final step. Intention for desire 'desire_a78e6ef4' finished.
Desire 'desire_a78e6ef4' status updated to DesireStatus.ACHIEVED
Desires: 1 items | Desire 'desire_a78e6ef4' achieved
  Desire 'desire_a78e6ef4' satisfied. Removed 1 runnable intention(s). Reason: The completed intention and current beliefs indicate the task instructions were carried out, all required deliverables were created in answer/, and verification was completed with no remaining work evidenced.
Desires: 1 items | Desire 'desire_a78e6ef4' achieved
Intentions: 0 items
  Skipping reconsideration: No intentions remaining.
--- BDI Cycle End (terminal) ---
States after BDI cycle (terminal)
Beliefs: 16 items
Desires: 1 items | Desire 'desire_a78e6ef4' achieved
Intentions: 0 items
Task result: achieved; cycles=2/30; elapsed_seconds=138
Answer folder: /Users/douglas/code/masters/sbench/tasks/clinic_rollout_plan/answer
